[1/2] 拉开奖场次 2025-10-01 ~ 2026-09-28 …
      得 5011 场已开奖
[2/2] 逐场取历史赔率（待采 5011 场，限速 0.35s）…
      50/5011 · 成功 50 失败 0
      100/5011 · 成功 100 失败 0
      150/5011 · 成功 150 失败 0
      200/5011 · 成功 200 失败 0
      250/5011 · 成功 250 失败 0
      300/5011 · 成功 300 失败 0
      350/5011 · 成功 350 失败 0
      400/5011 · 成功 400 失败 0
      450/5011 · 成功 450 失败 0
      500/5011 · 成功 500 失败 0
      550/5011 · 成功 550 失败 0
      600/5011 · 成功 600 失败 0
      650/5011 · 成功 650 失败 0
      700/5011 · 成功 700 失败 0
      750/5011 · 成功 750 失败 0
      800/5011 · 成功 800 失败 0
      850/5011 · 成功 850 失败 0
      900/5011 · 成功 900 失败 0
      950/5011 · 成功 950 失败 0
      1000/5011 · 成功 1000 失败 0
      1050/5011 · 成功 1049 失败 1
      1100/5011 · 成功 1098 失败 2
      1150/5011 · 成功 1148 失败 2
      1200/5011 · 成功 1197 失败 3
      1250/5011 · 成功 1247 失败 3
      1300/5011 · 成功 1297 失败 3
      1350/5011 · 成功 1347 失败 3
      1400/5011 · 成功 1397 失败 3
      1450/5011 · 成功 1447 失败 3
      1500/5011 · 成功 1497 失败 3
      1550/5011 · 成功 1547 失败 3
      1600/5011 · 成功 1597 失败 3
      1650/5011 · 成功 1647 失败 3
      1700/5011 · 成功 1697 失败 3
      1750/5011 · 成功 1747 失败 3
      1800/5011 · 成功 1797 失败 3
      1850/5011 · 成功 1847 失败 3
      1900/5011 · 成功 1894 失败 6
      1950/5011 · 成功 1942 失败 8
      2000/5011 · 成功 1992 失败 8
      2050/5011 · 成功 2042 失败 8
      2100/5011 · 成功 2092 失败 8
      2150/5011 · 成功 2142 失败 8
      2200/5011 · 成功 2191 失败 9
      2250/5011 · 成功 2241 失败 9
      2300/5011 · 成功 2291 失败 9
      2350/5011 · 成功 2341 失败 9
      2400/5011 · 成功 2391 失败 9
      2450/5011 · 成功 2441 失败 9
      2500/5011 · 成功 2491 失败 9
      2550/5011 · 成功 2541 失败 9
      2600/5011 · 成功 2590 失败 10
      2650/5011 · 成功 2640 失败 10
      2700/5011 · 成功 2690 失败 10
      2750/5011 · 成功 2740 失败 10
      2800/5011 · 成功 2790 失败 10
      2850/5011 · 成功 2840 失败 10
      2900/5011 · 成功 2890 失败 10
      2950/5011 · 成功 2940 失败 10
      3000/5011 · 成功 2990 失败 10
      3050/5011 · 成功 3040 失败 10
      3100/5011 · 成功 3090 失败 10
      3150/5011 · 成功 3140 失败 10
      3200/5011 · 成功 3190 失败 10
      3250/5011 · 成功 3240 失败 10
      3300/5011 · 成功 3290 失败 10
      3350/5011 · 成功 3340 失败 10
      3400/5011 · 成功 3390 失败 10
      3450/5011 · 成功 3440 失败 10
      3500/5011 · 成功 3490 失败 10
      3550/5011 · 成功 3540 失败 10
      3600/5011 · 成功 3590 失败 10
      3650/5011 · 成功 3640 失败 10
      3700/5011 · 成功 3690 失败 10
      3750/5011 · 成功 3740 失败 10
      3800/5011 · 成功 3790 失败 10
      3850/5011 · 成功 3840 失败 10
      3900/5011 · 成功 3890 失败 10
      3950/5011 · 成功 3940 失败 10
      4000/5011 · 成功 3990 失败 10
      4050/5011 · 成功 4040 失败 10
      4100/5011 · 成功 4090 失败 10
      4150/5011 · 成功 4140 失败 10
      4200/5011 · 成功 4190 失败 10
      4250/5011 · 成功 4240 失败 10
      4300/5011 · 成功 4290 失败 10
      4350/5011 · 成功 4340 失败 10
      4400/5011 · 成功 4390 失败 10
      4450/5011 · 成功 4440 失败 10
      4500/5011 · 成功 4490 失败 10
      4550/5011 · 成功 4540 失败 10
      4600/5011 · 成功 4590 失败 10
      4650/5011 · 成功 4640 失败 10
      4700/5011 · 成功 4690 失败 10
      4750/5011 · 成功 4740 失败 10
      4800/5011 · 成功 4790 失败 10
      4850/5011 · 成功 4838 失败 12
      4900/5011 · 成功 4888 失败 12
      4950/5011 · 成功 4938 失败 12
      5000/5011 · 成功 4988 失败 12
      5011/5011 · 成功 4999 失败 12

落盘 engine\cache\hist_odds\crs_hist_2025-10-01_2026-09-28.json · 共 4999 场（本次新增 4999，失败 12）
